// Vitest Snapshot v1

exports[`featurePopupContent >  1`] = `"<h4 class='title is-4'>Node <a href='//www.openstreetmap.org/node/270198479' target='_blank'>270198479</a> <a href='//www.openstreetmap.org/edit?node=270198479' target='_blank'>‚úè</a></h4><h5 class='subtitle is-5'>Tags <span class=\\"tag is-info is-light\\">3</span></h5><ul><li><span class='is-family-monospace'>amenity = drinking_water</span></li><li><span class='is-family-monospace'>fountain = roman_wolf</span></li><li><span class='is-family-monospace'>wikimedia_commons = <a href=\\"//commons.wikimedia.org/wiki/File:Roman Wolf Fountain, Villa Celimontana, Roma, Italia Sep 01, 2020 12-41-19 PM.jpeg\\" target=\\"_blank\\">File:Roman Wolf Fountain, Villa Celimontana, Roma, Italia Sep 01, 2020 12-41-19 PM.jpeg</a></span></li></ul><h4 class=\\"subtitle is-5\\">Meta</h4><ul><li><span class='is-family-monospace'>timestamp = 2022-10-03T09:17:16Z</span></li><li><span class='is-family-monospace'>version = 4</span></li><li><span class='is-family-monospace'>changeset = <a href=\\"//www.openstreetmap.org/changeset/126925539\\" target=\\"_blank\\">126925539</a></span></li><li><span class='is-family-monospace'>user = <a href=\\"//www.openstreetmap.org/user/Friendly_Ghost\\" target=\\"_blank\\">Friendly_Ghost</a></span></li><li><span class='is-family-monospace'>uid = 10875409</span></li></ul><h3 class='subtitle is-5'>Coordinates:</h3><p><a href=\\"geo:41.8837598,12.4947844\\">41.8837598 / 12.4947844</a> <small>(lat/lon)</small></p>"`;
